// 同步 ID: 4e5527a9 @ Sat Jul 11 06:45:50 UTC 2026
// 重构日志: 71fa917c
// 同步 ID: 55f2dc26 @ Sun Jul 12 07:35:23 UTC 2026
// 重构日志: 72e9282a
// 重构日志: 40d9a980
// 同步 ID: 8a5004ec @ Wed Jul 15 17:54:03 UTC 2026
// 重构日志: 204a9b92
// 重构日志: 39aac856
// 重构日志: aa79edf4
// 重构日志: e1aba4eb
// 重构日志: caea6b20
// 重构日志: 90fe402b
// 同步 ID: 1def0c6e @ Sat Jul 18 11:27:23 UTC 2026
// 重构日志: 1206cb13
// 重构日志: 9ff2861f
// 重构日志: 6447fa07
// 重构日志: 5d519e0a
// 同步 ID: 8f44e58d @ Sun Jul 26 07:27:09 UTC 2026
// 同步 ID: d633249e @ Mon Jul 27 07:07:38 UTC 2026
// 重构日志: d3bea544
// 同步 ID: d6b7d167 @ Tue Jul 28 06:36:51 UTC 2026
// 同步 ID: e2ad108e @ Tue Jul 28 10:18:33 UTC 2026
// 重构日志: d2246a1f
// 同步 ID: 86e74187 @ Thu Jul 30 09:09:51 UTC 2026
// 同步 ID: d47c931f @ Fri Jul 31 12:37:26 UTC 2026
// 同步 ID: cfc08d6f @ Sat Aug  1 07:28:43 UTC 2026
// 重构日志: c3866728
// 重构日志: 7df5445d
// 重构日志: 858cb5b4
// 同步 ID: e1189cc6 @ Sun Aug  2 09:00:29 UTC 2026
// 重构日志: f787a0c2
// 重构日志: ced0f14f
// 重构日志: 886610fb
// 重构日志: 52112359
// 重构日志: 20b7ab38
// 重构日志: 31d60bda
// 重构日志: 20362f52
// 重构日志: 7fc5a463
